running egg_info
writing ../../build/drone_landing/drone_landing.egg-info/PKG-INFO
writing dependency_links to ../../build/drone_landing/drone_landing.egg-info/dependency_links.txt
writing entry points to ../../build/drone_landing/drone_landing.egg-info/entry_points.txt
writing requirements to ../../build/drone_landing/drone_landing.egg-info/requires.txt
writing top-level names to ../../build/drone_landing/drone_landing.egg-info/top_level.txt
reading manifest file '../../build/drone_landing/drone_landing.egg-info/SOURCES.txt'
writing manifest file '../../build/drone_landing/drone_landing.egg-info/SOURCES.txt'
running build
running build_py
copying drone_landing/state_machine.py -> /home/pes2ug23cs517/drone_ws/build/drone_landing/build/lib/drone_landing
running install
running install_lib
copying /home/pes2ug23cs517/drone_ws/build/drone_landing/build/lib/drone_landing/state_machine.py -> /home/pes2ug23cs517/drone_ws/install/drone_landing/lib/python3.10/site-packages/drone_landing
byte-compiling /home/pes2ug23cs517/drone_ws/install/drone_landing/lib/python3.10/site-packages/drone_landing/state_machine.py to state_machine.cpython-310.pyc
running install_data
running install_egg_info
removing '/home/pes2ug23cs517/drone_ws/install/drone_landing/lib/python3.10/site-packages/drone_landing-0.1.0-py3.10.egg-info' (and everything under it)
Copying ../../build/drone_landing/drone_landing.egg-info to /home/pes2ug23cs517/drone_ws/install/drone_landing/lib/python3.10/site-packages/drone_landing-0.1.0-py3.10.egg-info
running install_scripts
Installing aruco_detector script to /home/pes2ug23cs517/drone_ws/install/drone_landing/lib/drone_landing
Installing landing_controller script to /home/pes2ug23cs517/drone_ws/install/drone_landing/lib/drone_landing
Installing platform_controller script to /home/pes2ug23cs517/drone_ws/install/drone_landing/lib/drone_landing
Installing state_machine script to /home/pes2ug23cs517/drone_ws/install/drone_landing/lib/drone_landing
writing list of installed files to '/home/pes2ug23cs517/drone_ws/build/drone_landing/install.log'
