[0.000000] (-) TimerEvent: {}
[0.000183] (drone_landing) JobQueued: {'identifier': 'drone_landing', 'dependencies': OrderedDict()}
[0.000211] (drone_landing) JobStarted: {'identifier': 'drone_landing'}
[0.099245] (-) TimerEvent: {}
[0.199616] (-) TimerEvent: {}
[0.300277] (-) TimerEvent: {}
[0.400616] (-) TimerEvent: {}
[0.501069] (-) TimerEvent: {}
[0.601522] (-) TimerEvent: {}
[0.701892] (-) TimerEvent: {}
[0.802281] (-) TimerEvent: {}
[0.902599] (-) TimerEvent: {}
[1.003118] (-) TimerEvent: {}
[1.021678] (drone_landing) Command: {'cmd': ['/usr/bin/python3', '-W', 'ignore:setup.py install is deprecated', '-W', 'ignore:easy_install command is deprecated', 'setup.py', 'develop', '--editable', '--build-directory', '/home/pes2ug23cs517/drone_ws/build/drone_landing/build', '--no-deps', 'symlink_data', '--force'], 'cwd': '/home/pes2ug23cs517/drone_ws/build/drone_landing', 'env': {'LANGUAGE': 'en_IN:en', 'USER': 'pes2ug23cs517', 'SLAM_PROJECT_DIR': '/home/pes2ug23cs517/slam_project', 'XDG_SESSION_TYPE': 'wayland', 'SHLVL': '1', 'LD_LIBRARY_PATH': '/usr/lib/x86_64-linux-gnu/gazebo-11/plugins:/opt/ros/humble/opt/rviz_ogre_vendor/lib:/opt/ros/humble/lib/x86_64-linux-gnu:/opt/ros/humble/lib', 'HOME': '/home/pes2ug23cs517', 'CYCLONEDDS_URI': 'file:///home/pes2ug23cs517/cyclone_config/cyclone.xml', 'OLDPWD': '/home/pes2ug23cs517/drone_ws', 'DESKTOP_SESSION': 'ubuntu', 'ROS_PYTHON_VERSION': '3', 'GNOME_SHELL_SESSION_MODE': 'ubuntu', 'GTK_MODULES': 'gail:atk-bridge', 'SYSTEMD_EXEC_PID': '5908', 'DBUS_SESSION_BUS_ADDRESS': 'unix:path=/run/user/1000/bus', 'COLORTERM': 'truecolor', 'IM_CONFIG_PHASE': '1', 'WAYLAND_DISPLAY': 'wayland-0', 'COLCON_PREFIX_PATH': '/home/pes2ug23cs517/drone_ws/install', 'ROS_DISTRO': 'humble', 'LOGNAME': 'pes2ug23cs517', '_': '/usr/bin/colcon', 'ROS_VERSION': '2', 'XDG_SESSION_CLASS': 'user', 'USERNAME': 'pes2ug23cs517', 'TERM': 'xterm-256color', 'GAZEBO_MODEL_PATH': '/home/pes2ug23cs517/drone_ws/src/drone_landing/models:/home/pes2ug23cs517/drone_ws/src/drone_landing/models:', 'GNOME_DESKTOP_SESSION_ID': 'this-is-deprecated', 'ROS_LOCALHOST_ONLY': '1', 'PATH': '/home/pes2ug23cs517/.local/bin:/home/pes2ug23cs517/.local/bin:/opt/ros/humble/bin:/usr/local/sbin:/usr/local/bin:/usr/sbin:/usr/bin:/sbin:/bin:/usr/games:/usr/local/games:/snap/bin:/snap/bin', 'SESSION_MANAGER': 'local/PES2UG23CS517:@/tmp/.ICE-unix/5405,unix/PES2UG23CS517:/tmp/.ICE-unix/5405', 'XDG_MENU_PREFIX': 'gnome-', 'GNOME_TERMINAL_SCREEN': '/org/gnome/Terminal/screen/7ac74ff3_349d_4189_be24_fb6530d8f521', 'GNOME_SETUP_DISPLAY': ':1', 'XDG_RUNTIME_DIR': '/run/user/1000', 'DISPLAY': ':0', 'LANG': 'en_US.UTF-8', 'XDG_CURRENT_DESKTOP': 'ubuntu:GNOME', 'XMODIFIERS': '@im=ibus', 'XDG_SESSION_DESKTOP': 'ubuntu', 'XAUTHORITY': '/run/user/1000/.mutter-Xwaylandauth.P3E8N3', 'GNOME_TERMINAL_SERVICE': ':1.248', 'SSH_AGENT_LAUNCHER': 'gnome-keyring', 'SSH_AUTH_SOCK': '/run/user/1000/keyring/ssh', 'ROS_DOMAIN_ID': '42', 'AMENT_PREFIX_PATH': '/home/pes2ug23cs517/drone_ws/install/drone_landing:/opt/ros/humble', 'SHELL': '/bin/bash', 'QT_ACCESSIBILITY': '1', 'GDMSESSION': 'ubuntu', 'QT_IM_MODULE': 'ibus', 'PWD': '/home/pes2ug23cs517/drone_ws/build/drone_landing', 'LC_ALL': 'en_US.UTF-8', 'XDG_CONFIG_DIRS': '/etc/xdg/xdg-ubuntu:/etc/xdg', 'XDG_DATA_DIRS': '/usr/share/ubuntu:/usr/local/share/:/usr/share/:/var/lib/snapd/desktop', 'PYTHONPATH': '/home/pes2ug23cs517/drone_ws/build/drone_landing/prefix_override:/usr/lib/python3/dist-packages/colcon_core/task/python/colcon_distutils_commands:/home/pes2ug23cs517/drone_ws/install/drone_landing/lib/python3.10/site-packages:/home/pes2ug23cs517/drone_ws/install/drone_landing/lib/python3.10/site-packages:/opt/ros/humble/lib/python3.10/site-packages:/opt/ros/humble/local/lib/python3.10/dist-packages', 'COLCON': '1', 'VTE_VERSION': '6800'}, 'shell': False}
[1.103378] (-) TimerEvent: {}
[1.203738] (-) TimerEvent: {}
[1.304267] (-) TimerEvent: {}
[1.337559] (drone_landing) StdoutLine: {'line': b'running develop\n'}
[1.404523] (-) TimerEvent: {}
[1.505070] (-) TimerEvent: {}
[1.514277] (drone_landing) StdoutLine: {'line': b'running egg_info\n'}
[1.514481] (drone_landing) StdoutLine: {'line': b'writing drone_landing.egg-info/PKG-INFO\n'}
[1.515740] (drone_landing) StdoutLine: {'line': b'writing dependency_links to drone_landing.egg-info/dependency_links.txt\n'}
[1.516095] (drone_landing) StdoutLine: {'line': b'writing entry points to drone_landing.egg-info/entry_points.txt\n'}
[1.516217] (drone_landing) StdoutLine: {'line': b'writing requirements to drone_landing.egg-info/requires.txt\n'}
[1.516558] (drone_landing) StdoutLine: {'line': b'writing top-level names to drone_landing.egg-info/top_level.txt\n'}
[1.518450] (drone_landing) StdoutLine: {'line': b"reading manifest file 'drone_landing.egg-info/SOURCES.txt'\n"}
[1.520466] (drone_landing) StdoutLine: {'line': b"writing manifest file 'drone_landing.egg-info/SOURCES.txt'\n"}
[1.521839] (drone_landing) StdoutLine: {'line': b'running build_ext\n'}
[1.522300] (drone_landing) StdoutLine: {'line': b'Creating /home/pes2ug23cs517/drone_ws/install/drone_landing/lib/python3.10/site-packages/drone-landing.egg-link (link to .)\n'}
[1.523010] (drone_landing) StdoutLine: {'line': b'Installing aruco_detector script to /home/pes2ug23cs517/drone_ws/install/drone_landing/lib/drone_landing\n'}
[1.523250] (drone_landing) StdoutLine: {'line': b'Installing landing_controller script to /home/pes2ug23cs517/drone_ws/install/drone_landing/lib/drone_landing\n'}
[1.523327] (drone_landing) StdoutLine: {'line': b'Installing platform_controller script to /home/pes2ug23cs517/drone_ws/install/drone_landing/lib/drone_landing\n'}
[1.523388] (drone_landing) StdoutLine: {'line': b'Installing state_machine script to /home/pes2ug23cs517/drone_ws/install/drone_landing/lib/drone_landing\n'}
[1.523601] (drone_landing) StdoutLine: {'line': b'\n'}
[1.523714] (drone_landing) StdoutLine: {'line': b'Installed /home/pes2ug23cs517/drone_ws/build/drone_landing\n'}
[1.523977] (drone_landing) StdoutLine: {'line': b'running symlink_data\n'}
[1.524100] (drone_landing) StdoutLine: {'line': b'symbolically linking /home/pes2ug23cs517/drone_ws/build/drone_landing/resource/drone_landing -> /home/pes2ug23cs517/drone_ws/install/drone_landing/share/ament_index/resource_index/packages\n'}
[1.524329] (drone_landing) StdoutLine: {'line': b'symbolically linking /home/pes2ug23cs517/drone_ws/build/drone_landing/package.xml -> /home/pes2ug23cs517/drone_ws/install/drone_landing/share/drone_landing\n'}
[1.524435] (drone_landing) StdoutLine: {'line': b'symbolically linking /home/pes2ug23cs517/drone_ws/build/drone_landing/launch/simulation.launch.py -> /home/pes2ug23cs517/drone_ws/install/drone_landing/share/drone_landing/launch\n'}
[1.524642] (drone_landing) StdoutLine: {'line': b'symbolically linking /home/pes2ug23cs517/drone_ws/build/drone_landing/urdf/drone.urdf.xacro -> /home/pes2ug23cs517/drone_ws/install/drone_landing/share/drone_landing/urdf\n'}
[1.524732] (drone_landing) StdoutLine: {'line': b'symbolically linking /home/pes2ug23cs517/drone_ws/build/drone_landing/urdf/platform.urdf.xacro -> /home/pes2ug23cs517/drone_ws/install/drone_landing/share/drone_landing/urdf\n'}
[1.524782] (drone_landing) StdoutLine: {'line': b'symbolically linking /home/pes2ug23cs517/drone_ws/build/drone_landing/worlds/landing_world.world -> /home/pes2ug23cs517/drone_ws/install/drone_landing/share/drone_landing/worlds\n'}
[1.524829] (drone_landing) StdoutLine: {'line': b'symbolically linking /home/pes2ug23cs517/drone_ws/build/drone_landing/rviz/drone_landing.rviz -> /home/pes2ug23cs517/drone_ws/install/drone_landing/share/drone_landing/rviz\n'}
[1.560726] (drone_landing) CommandEnded: {'returncode': 0}
[1.597942] (drone_landing) JobEnded: {'identifier': 'drone_landing', 'rc': 0}
[1.599784] (-) EventReactorShutdown: {}
