[0.920s] Invoking command in '/home/pes2ug23cs517/drone_ws/src/drone_landing': PYTHONPATH=/home/pes2ug23cs517/drone_ws/build/drone_landing/prefix_override:/usr/lib/python3/dist-packages/colcon_core/task/python/colcon_distutils_commands:/home/pes2ug23cs517/drone_ws/install/drone_landing/lib/python3.10/site-packages:${PYTHONPATH} /usr/bin/python3 -W ignore:setup.py install is deprecated -W ignore:easy_install command is deprecated setup.py egg_info --egg-base ../../build/drone_landing build --build-base /home/pes2ug23cs517/drone_ws/build/drone_landing/build install --record /home/pes2ug23cs517/drone_ws/build/drone_landing/install.log --single-version-externally-managed install_data
[1.182s] running egg_info
[1.183s] writing ../../build/drone_landing/drone_landing.egg-info/PKG-INFO
[1.183s] writing dependency_links to ../../build/drone_landing/drone_landing.egg-info/dependency_links.txt
[1.183s] writing entry points to ../../build/drone_landing/drone_landing.egg-info/entry_points.txt
[1.184s] writing requirements to ../../build/drone_landing/drone_landing.egg-info/requires.txt
[1.184s] writing top-level names to ../../build/drone_landing/drone_landing.egg-info/top_level.txt
[1.186s] reading manifest file '../../build/drone_landing/drone_landing.egg-info/SOURCES.txt'
[1.187s] writing manifest file '../../build/drone_landing/drone_landing.egg-info/SOURCES.txt'
[1.187s] running build
[1.187s] running build_py
[1.187s] copying drone_landing/state_machine.py -> /home/pes2ug23cs517/drone_ws/build/drone_landing/build/lib/drone_landing
[1.188s] running install
[1.188s] running install_lib
[1.190s] copying /home/pes2ug23cs517/drone_ws/build/drone_landing/build/lib/drone_landing/state_machine.py -> /home/pes2ug23cs517/drone_ws/install/drone_landing/lib/python3.10/site-packages/drone_landing
[1.191s] byte-compiling /home/pes2ug23cs517/drone_ws/install/drone_landing/lib/python3.10/site-packages/drone_landing/state_machine.py to state_machine.cpython-310.pyc
[1.194s] running install_data
[1.194s] running install_egg_info
[1.196s] removing '/home/pes2ug23cs517/drone_ws/install/drone_landing/lib/python3.10/site-packages/drone_landing-0.1.0-py3.10.egg-info' (and everything under it)
[1.196s] Copying ../../build/drone_landing/drone_landing.egg-info to /home/pes2ug23cs517/drone_ws/install/drone_landing/lib/python3.10/site-packages/drone_landing-0.1.0-py3.10.egg-info
[1.197s] running install_scripts
[1.216s] Installing aruco_detector script to /home/pes2ug23cs517/drone_ws/install/drone_landing/lib/drone_landing
[1.217s] Installing landing_controller script to /home/pes2ug23cs517/drone_ws/install/drone_landing/lib/drone_landing
[1.217s] Installing platform_controller script to /home/pes2ug23cs517/drone_ws/install/drone_landing/lib/drone_landing
[1.217s] Installing state_machine script to /home/pes2ug23cs517/drone_ws/install/drone_landing/lib/drone_landing
[1.218s] writing list of installed files to '/home/pes2ug23cs517/drone_ws/build/drone_landing/install.log'
[1.248s] Invoked command in '/home/pes2ug23cs517/drone_ws/src/drone_landing' returned '0': PYTHONPATH=/home/pes2ug23cs517/drone_ws/build/drone_landing/prefix_override:/usr/lib/python3/dist-packages/colcon_core/task/python/colcon_distutils_commands:/home/pes2ug23cs517/drone_ws/install/drone_landing/lib/python3.10/site-packages:${PYTHONPATH} /usr/bin/python3 -W ignore:setup.py install is deprecated -W ignore:easy_install command is deprecated setup.py egg_info --egg-base ../../build/drone_landing build --build-base /home/pes2ug23cs517/drone_ws/build/drone_landing/build install --record /home/pes2ug23cs517/drone_ws/build/drone_landing/install.log --single-version-externally-managed install_data
