running develop
Removing /home/pes2ug23cs517/drone_ws/install/drone_landing/lib/python3.10/site-packages/drone-landing.egg-link (link to .)
running egg_info
writing ../../build/drone_landing/drone_landing.egg-info/PKG-INFO
writing dependency_links to ../../build/drone_landing/drone_landing.egg-info/dependency_links.txt
writing entry points to ../../build/drone_landing/drone_landing.egg-info/entry_points.txt
writing requirements to ../../build/drone_landing/drone_landing.egg-info/requires.txt
writing top-level names to ../../build/drone_landing/drone_landing.egg-info/top_level.txt
reading manifest file '../../build/drone_landing/drone_landing.egg-info/SOURCES.txt'
writing manifest file '../../build/drone_landing/drone_landing.egg-info/SOURCES.txt'
running build
running build_py
creating /home/pes2ug23cs517/drone_ws/build/drone_landing/build
creating /home/pes2ug23cs517/drone_ws/build/drone_landing/build/lib
creating /home/pes2ug23cs517/drone_ws/build/drone_landing/build/lib/drone_landing
copying drone_landing/state_machine.py -> /home/pes2ug23cs517/drone_ws/build/drone_landing/build/lib/drone_landing
copying drone_landing/__init__.py -> /home/pes2ug23cs517/drone_ws/build/drone_landing/build/lib/drone_landing
copying drone_landing/landing_controller.py -> /home/pes2ug23cs517/drone_ws/build/drone_landing/build/lib/drone_landing
copying drone_landing/platform_controller.py -> /home/pes2ug23cs517/drone_ws/build/drone_landing/build/lib/drone_landing
copying drone_landing/aruco_detector.py -> /home/pes2ug23cs517/drone_ws/build/drone_landing/build/lib/drone_landing
running install
running install_lib
creating /home/pes2ug23cs517/drone_ws/install/drone_landing/lib/python3.10/site-packages/drone_landing
copying /home/pes2ug23cs517/drone_ws/build/drone_landing/build/lib/drone_landing/state_machine.py -> /home/pes2ug23cs517/drone_ws/install/drone_landing/lib/python3.10/site-packages/drone_landing
copying /home/pes2ug23cs517/drone_ws/build/drone_landing/build/lib/drone_landing/__init__.py -> /home/pes2ug23cs517/drone_ws/install/drone_landing/lib/python3.10/site-packages/drone_landing
copying /home/pes2ug23cs517/drone_ws/build/drone_landing/build/lib/drone_landing/landing_controller.py -> /home/pes2ug23cs517/drone_ws/install/drone_landing/lib/python3.10/site-packages/drone_landing
copying /home/pes2ug23cs517/drone_ws/build/drone_landing/build/lib/drone_landing/platform_controller.py -> /home/pes2ug23cs517/drone_ws/install/drone_landing/lib/python3.10/site-packages/drone_landing
copying /home/pes2ug23cs517/drone_ws/build/drone_landing/build/lib/drone_landing/aruco_detector.py -> /home/pes2ug23cs517/drone_ws/install/drone_landing/lib/python3.10/site-packages/drone_landing
byte-compiling /home/pes2ug23cs517/drone_ws/install/drone_landing/lib/python3.10/site-packages/drone_landing/state_machine.py to state_machine.cpython-310.pyc
byte-compiling /home/pes2ug23cs517/drone_ws/install/drone_landing/lib/python3.10/site-packages/drone_landing/__init__.py to __init__.cpython-310.pyc
byte-compiling /home/pes2ug23cs517/drone_ws/install/drone_landing/lib/python3.10/site-packages/drone_landing/landing_controller.py to landing_controller.cpython-310.pyc
byte-compiling /home/pes2ug23cs517/drone_ws/install/drone_landing/lib/python3.10/site-packages/drone_landing/platform_controller.py to platform_controller.cpython-310.pyc
byte-compiling /home/pes2ug23cs517/drone_ws/install/drone_landing/lib/python3.10/site-packages/drone_landing/aruco_detector.py to aruco_detector.cpython-310.pyc
running install_data
copying resource/drone_landing -> /home/pes2ug23cs517/drone_ws/install/drone_landing/share/ament_index/resource_index/packages
copying package.xml -> /home/pes2ug23cs517/drone_ws/install/drone_landing/share/drone_landing
copying launch/simulation.launch.py -> /home/pes2ug23cs517/drone_ws/install/drone_landing/share/drone_landing/launch
copying urdf/drone.urdf.xacro -> /home/pes2ug23cs517/drone_ws/install/drone_landing/share/drone_landing/urdf
copying urdf/platform.urdf.xacro -> /home/pes2ug23cs517/drone_ws/install/drone_landing/share/drone_landing/urdf
copying worlds/landing_world.world -> /home/pes2ug23cs517/drone_ws/install/drone_landing/share/drone_landing/worlds
copying rviz/drone_landing.rviz -> /home/pes2ug23cs517/drone_ws/install/drone_landing/share/drone_landing/rviz
running install_egg_info
Copying ../../build/drone_landing/drone_landing.egg-info to /home/pes2ug23cs517/drone_ws/install/drone_landing/lib/python3.10/site-packages/drone_landing-0.1.0-py3.10.egg-info
running install_scripts
Installing aruco_detector script to /home/pes2ug23cs517/drone_ws/install/drone_landing/lib/drone_landing
Installing landing_controller script to /home/pes2ug23cs517/drone_ws/install/drone_landing/lib/drone_landing
Installing platform_controller script to /home/pes2ug23cs517/drone_ws/install/drone_landing/lib/drone_landing
Installing state_machine script to /home/pes2ug23cs517/drone_ws/install/drone_landing/lib/drone_landing
writing list of installed files to '/home/pes2ug23cs517/drone_ws/build/drone_landing/install.log'
