[0.965s] Invoking command in '/home/pes2ug23cs517/drone_ws/build/drone_landing': PYTHONPATH=/home/pes2ug23cs517/drone_ws/build/drone_landing/prefix_override:/usr/lib/python3/dist-packages/colcon_core/task/python/colcon_distutils_commands:/home/pes2ug23cs517/drone_ws/install/drone_landing/lib/python3.10/site-packages:${PYTHONPATH} /usr/bin/python3 -W ignore:setup.py install is deprecated -W ignore:easy_install command is deprecated setup.py develop --uninstall --editable --build-directory /home/pes2ug23cs517/drone_ws/build/drone_landing/build
[1.218s] running develop
[1.389s] Removing /home/pes2ug23cs517/drone_ws/install/drone_landing/lib/python3.10/site-packages/drone-landing.egg-link (link to .)
[1.416s] Invoked command in '/home/pes2ug23cs517/drone_ws/build/drone_landing' returned '0': PYTHONPATH=/home/pes2ug23cs517/drone_ws/build/drone_landing/prefix_override:/usr/lib/python3/dist-packages/colcon_core/task/python/colcon_distutils_commands:/home/pes2ug23cs517/drone_ws/install/drone_landing/lib/python3.10/site-packages:${PYTHONPATH} /usr/bin/python3 -W ignore:setup.py install is deprecated -W ignore:easy_install command is deprecated setup.py develop --uninstall --editable --build-directory /home/pes2ug23cs517/drone_ws/build/drone_landing/build
[1.419s] Invoking command in '/home/pes2ug23cs517/drone_ws/src/drone_landing': PYTHONPATH=/home/pes2ug23cs517/drone_ws/build/drone_landing/prefix_override:/usr/lib/python3/dist-packages/colcon_core/task/python/colcon_distutils_commands:/home/pes2ug23cs517/drone_ws/install/drone_landing/lib/python3.10/site-packages:${PYTHONPATH} /usr/bin/python3 -W ignore:setup.py install is deprecated -W ignore:easy_install command is deprecated setup.py egg_info --egg-base ../../build/drone_landing build --build-base /home/pes2ug23cs517/drone_ws/build/drone_landing/build install --record /home/pes2ug23cs517/drone_ws/build/drone_landing/install.log --single-version-externally-managed install_data --force
[1.662s] running egg_info
[1.662s] writing ../../build/drone_landing/drone_landing.egg-info/PKG-INFO
[1.663s] writing dependency_links to ../../build/drone_landing/drone_landing.egg-info/dependency_links.txt
[1.663s] writing entry points to ../../build/drone_landing/drone_landing.egg-info/entry_points.txt
[1.664s] writing requirements to ../../build/drone_landing/drone_landing.egg-info/requires.txt
[1.664s] writing top-level names to ../../build/drone_landing/drone_landing.egg-info/top_level.txt
[1.668s] reading manifest file '../../build/drone_landing/drone_landing.egg-info/SOURCES.txt'
[1.670s] writing manifest file '../../build/drone_landing/drone_landing.egg-info/SOURCES.txt'
[1.671s] running build
[1.671s] running build_py
[1.671s] creating /home/pes2ug23cs517/drone_ws/build/drone_landing/build
[1.671s] creating /home/pes2ug23cs517/drone_ws/build/drone_landing/build/lib
[1.671s] creating /home/pes2ug23cs517/drone_ws/build/drone_landing/build/lib/drone_landing
[1.671s] copying drone_landing/state_machine.py -> /home/pes2ug23cs517/drone_ws/build/drone_landing/build/lib/drone_landing
[1.672s] copying drone_landing/__init__.py -> /home/pes2ug23cs517/drone_ws/build/drone_landing/build/lib/drone_landing
[1.672s] copying drone_landing/landing_controller.py -> /home/pes2ug23cs517/drone_ws/build/drone_landing/build/lib/drone_landing
[1.672s] copying drone_landing/platform_controller.py -> /home/pes2ug23cs517/drone_ws/build/drone_landing/build/lib/drone_landing
[1.672s] copying drone_landing/aruco_detector.py -> /home/pes2ug23cs517/drone_ws/build/drone_landing/build/lib/drone_landing
[1.672s] running install
[1.673s] running install_lib
[1.674s] creating /home/pes2ug23cs517/drone_ws/install/drone_landing/lib/python3.10/site-packages/drone_landing
[1.674s] copying /home/pes2ug23cs517/drone_ws/build/drone_landing/build/lib/drone_landing/state_machine.py -> /home/pes2ug23cs517/drone_ws/install/drone_landing/lib/python3.10/site-packages/drone_landing
[1.674s] copying /home/pes2ug23cs517/drone_ws/build/drone_landing/build/lib/drone_landing/__init__.py -> /home/pes2ug23cs517/drone_ws/install/drone_landing/lib/python3.10/site-packages/drone_landing
[1.674s] copying /home/pes2ug23cs517/drone_ws/build/drone_landing/build/lib/drone_landing/landing_controller.py -> /home/pes2ug23cs517/drone_ws/install/drone_landing/lib/python3.10/site-packages/drone_landing
[1.674s] copying /home/pes2ug23cs517/drone_ws/build/drone_landing/build/lib/drone_landing/platform_controller.py -> /home/pes2ug23cs517/drone_ws/install/drone_landing/lib/python3.10/site-packages/drone_landing
[1.674s] copying /home/pes2ug23cs517/drone_ws/build/drone_landing/build/lib/drone_landing/aruco_detector.py -> /home/pes2ug23cs517/drone_ws/install/drone_landing/lib/python3.10/site-packages/drone_landing
[1.675s] byte-compiling /home/pes2ug23cs517/drone_ws/install/drone_landing/lib/python3.10/site-packages/drone_landing/state_machine.py to state_machine.cpython-310.pyc
[1.677s] byte-compiling /home/pes2ug23cs517/drone_ws/install/drone_landing/lib/python3.10/site-packages/drone_landing/__init__.py to __init__.cpython-310.pyc
[1.677s] byte-compiling /home/pes2ug23cs517/drone_ws/install/drone_landing/lib/python3.10/site-packages/drone_landing/landing_controller.py to landing_controller.cpython-310.pyc
[1.678s] byte-compiling /home/pes2ug23cs517/drone_ws/install/drone_landing/lib/python3.10/site-packages/drone_landing/platform_controller.py to platform_controller.cpython-310.pyc
[1.679s] byte-compiling /home/pes2ug23cs517/drone_ws/install/drone_landing/lib/python3.10/site-packages/drone_landing/aruco_detector.py to aruco_detector.cpython-310.pyc
[1.680s] running install_data
[1.680s] copying resource/drone_landing -> /home/pes2ug23cs517/drone_ws/install/drone_landing/share/ament_index/resource_index/packages
[1.680s] copying package.xml -> /home/pes2ug23cs517/drone_ws/install/drone_landing/share/drone_landing
[1.680s] copying launch/simulation.launch.py -> /home/pes2ug23cs517/drone_ws/install/drone_landing/share/drone_landing/launch
[1.682s] copying urdf/drone.urdf.xacro -> /home/pes2ug23cs517/drone_ws/install/drone_landing/share/drone_landing/urdf
[1.682s] copying urdf/platform.urdf.xacro -> /home/pes2ug23cs517/drone_ws/install/drone_landing/share/drone_landing/urdf
[1.682s] copying worlds/landing_world.world -> /home/pes2ug23cs517/drone_ws/install/drone_landing/share/drone_landing/worlds
[1.682s] copying rviz/drone_landing.rviz -> /home/pes2ug23cs517/drone_ws/install/drone_landing/share/drone_landing/rviz
[1.682s] running install_egg_info
[1.684s] Copying ../../build/drone_landing/drone_landing.egg-info to /home/pes2ug23cs517/drone_ws/install/drone_landing/lib/python3.10/site-packages/drone_landing-0.1.0-py3.10.egg-info
[1.687s] running install_scripts
[1.710s] Installing aruco_detector script to /home/pes2ug23cs517/drone_ws/install/drone_landing/lib/drone_landing
[1.710s] Installing landing_controller script to /home/pes2ug23cs517/drone_ws/install/drone_landing/lib/drone_landing
[1.710s] Installing platform_controller script to /home/pes2ug23cs517/drone_ws/install/drone_landing/lib/drone_landing
[1.711s] Installing state_machine script to /home/pes2ug23cs517/drone_ws/install/drone_landing/lib/drone_landing
[1.711s] writing list of installed files to '/home/pes2ug23cs517/drone_ws/build/drone_landing/install.log'
[1.734s] Invoked command in '/home/pes2ug23cs517/drone_ws/src/drone_landing' returned '0': PYTHONPATH=/home/pes2ug23cs517/drone_ws/build/drone_landing/prefix_override:/usr/lib/python3/dist-packages/colcon_core/task/python/colcon_distutils_commands:/home/pes2ug23cs517/drone_ws/install/drone_landing/lib/python3.10/site-packages:${PYTHONPATH} /usr/bin/python3 -W ignore:setup.py install is deprecated -W ignore:easy_install command is deprecated setup.py egg_info --egg-base ../../build/drone_landing build --build-base /home/pes2ug23cs517/drone_ws/build/drone_landing/build install --record /home/pes2ug23cs517/drone_ws/build/drone_landing/install.log --single-version-externally-managed install_data --force
