[0.000000] (-) TimerEvent: {}
[0.000301] (drone_landing) JobQueued: {'identifier': 'drone_landing', 'dependencies': OrderedDict()}
[0.000379] (drone_landing) JobStarted: {'identifier': 'drone_landing'}
[0.099187] (-) TimerEvent: {}
[0.199540] (-) TimerEvent: {}
[0.299893] (-) TimerEvent: {}
[0.400429] (-) TimerEvent: {}
[0.500910] (-) TimerEvent: {}
[0.601267] (-) TimerEvent: {}
[0.701718] (-) TimerEvent: {}
[0.802330] (-) TimerEvent: {}
[0.902758] (-) TimerEvent: {}
[0.962449] (drone_landing) Command: {'cmd': ['/usr/bin/python3', '-W', 'ignore:setup.py install is deprecated', '-W', 'ignore:easy_install command is deprecated', 'setup.py', 'develop', '--uninstall', '--editable', '--build-directory', '/home/pes2ug23cs517/drone_ws/build/drone_landing/build'], 'cwd': '/home/pes2ug23cs517/drone_ws/build/drone_landing', 'env': {'LANGUAGE': 'en_IN:en', 'USER': 'pes2ug23cs517', 'SLAM_PROJECT_DIR': '/home/pes2ug23cs517/slam_project', 'XDG_SESSION_TYPE': 'wayland', 'SHLVL': '1', 'LD_LIBRARY_PATH': '/usr/lib/x86_64-linux-gnu/gazebo-11/plugins:/opt/ros/humble/opt/rviz_ogre_vendor/lib:/opt/ros/humble/lib/x86_64-linux-gnu:/opt/ros/humble/lib', 'HOME': '/home/pes2ug23cs517', 'CYCLONEDDS_URI': 'file:///home/pes2ug23cs517/cyclone_config/cyclone.xml', 'OLDPWD': '/home/pes2ug23cs517/drone_ws/src', 'DESKTOP_SESSION': 'ubuntu', 'ROS_PYTHON_VERSION': '3', 'GNOME_SHELL_SESSION_MODE': 'ubuntu', 'GTK_MODULES': 'gail:atk-bridge', 'SYSTEMD_EXEC_PID': '5908', 'DBUS_SESSION_BUS_ADDRESS': 'unix:path=/run/user/1000/bus', 'COLORTERM': 'truecolor', 'IM_CONFIG_PHASE': '1', 'WAYLAND_DISPLAY': 'wayland-0', 'COLCON_PREFIX_PATH': '/home/pes2ug23cs517/drone_ws/install', 'ROS_DISTRO': 'humble', 'LOGNAME': 'pes2ug23cs517', '_': '/usr/bin/colcon', 'ROS_VERSION': '2', 'XDG_SESSION_CLASS': 'user', 'USERNAME': 'pes2ug23cs517', 'TERM': 'xterm-256color', 'GAZEBO_MODEL_PATH': '/home/pes2ug23cs517/drone_ws/src/drone_landing/models:/home/pes2ug23cs517/drone_ws/src/drone_landing/models:', 'GNOME_DESKTOP_SESSION_ID': 'this-is-deprecated', 'ROS_LOCALHOST_ONLY': '1', 'PATH': '/home/pes2ug23cs517/.local/bin:/home/pes2ug23cs517/.local/bin:/opt/ros/humble/bin:/usr/local/sbin:/usr/local/bin:/usr/sbin:/usr/bin:/sbin:/bin:/usr/games:/usr/local/games:/snap/bin:/snap/bin', 'SESSION_MANAGER': 'local/PES2UG23CS517:@/tmp/.ICE-unix/5405,unix/PES2UG23CS517:/tmp/.ICE-unix/5405', 'XDG_MENU_PREFIX': 'gnome-', 'GNOME_TERMINAL_SCREEN': '/org/gnome/Terminal/screen/396308f5_f146_46bb_9449_7655ec4caace', 'GNOME_SETUP_DISPLAY': ':1', 'XDG_RUNTIME_DIR': '/run/user/1000', 'DISPLAY': ':0', 'LANG': 'en_US.UTF-8', 'XDG_CURRENT_DESKTOP': 'ubuntu:GNOME', 'XMODIFIERS': '@im=ibus', 'XDG_SESSION_DESKTOP': 'ubuntu', 'XAUTHORITY': '/run/user/1000/.mutter-Xwaylandauth.P3E8N3', 'GNOME_TERMINAL_SERVICE': ':1.104', 'SSH_AGENT_LAUNCHER': 'gnome-keyring', 'SSH_AUTH_SOCK': '/run/user/1000/keyring/ssh', 'ROS_DOMAIN_ID': '42', 'AMENT_PREFIX_PATH': '/home/pes2ug23cs517/drone_ws/install/drone_landing:/opt/ros/humble', 'SHELL': '/bin/bash', 'QT_ACCESSIBILITY': '1', 'GDMSESSION': 'ubuntu', 'QT_IM_MODULE': 'ibus', 'PWD': '/home/pes2ug23cs517/drone_ws/build/drone_landing', 'LC_ALL': 'en_US.UTF-8', 'XDG_CONFIG_DIRS': '/etc/xdg/xdg-ubuntu:/etc/xdg', 'XDG_DATA_DIRS': '/usr/share/ubuntu:/usr/local/share/:/usr/share/:/var/lib/snapd/desktop', 'PYTHONPATH': '/home/pes2ug23cs517/drone_ws/build/drone_landing/prefix_override:/usr/lib/python3/dist-packages/colcon_core/task/python/colcon_distutils_commands:/home/pes2ug23cs517/drone_ws/install/drone_landing/lib/python3.10/site-packages:/home/pes2ug23cs517/drone_ws/build/drone_landing:/home/pes2ug23cs517/drone_ws/install/drone_landing/lib/python3.10/site-packages:/opt/ros/humble/lib/python3.10/site-packages:/opt/ros/humble/local/lib/python3.10/dist-packages', 'COLCON': '1', 'VTE_VERSION': '6800'}, 'shell': False}
[1.002964] (-) TimerEvent: {}
[1.103371] (-) TimerEvent: {}
[1.203704] (-) TimerEvent: {}
[1.218649] (drone_landing) StdoutLine: {'line': b'running develop\n'}
[1.303913] (-) TimerEvent: {}
[1.388864] (drone_landing) StdoutLine: {'line': b'Removing /home/pes2ug23cs517/drone_ws/install/drone_landing/lib/python3.10/site-packages/drone-landing.egg-link (link to .)\n'}
[1.404208] (-) TimerEvent: {}
[1.416328] (drone_landing) CommandEnded: {'returncode': 0}
[1.418888] (drone_landing) Command: {'cmd': ['/usr/bin/python3', '-W', 'ignore:setup.py install is deprecated', '-W', 'ignore:easy_install command is deprecated', 'setup.py', 'egg_info', '--egg-base', '../../build/drone_landing', 'build', '--build-base', '/home/pes2ug23cs517/drone_ws/build/drone_landing/build', 'install', '--record', '/home/pes2ug23cs517/drone_ws/build/drone_landing/install.log', '--single-version-externally-managed', 'install_data', '--force'], 'cwd': '/home/pes2ug23cs517/drone_ws/src/drone_landing', 'env': {'LANGUAGE': 'en_IN:en', 'USER': 'pes2ug23cs517', 'SLAM_PROJECT_DIR': '/home/pes2ug23cs517/slam_project', 'XDG_SESSION_TYPE': 'wayland', 'SHLVL': '1', 'LD_LIBRARY_PATH': '/usr/lib/x86_64-linux-gnu/gazebo-11/plugins:/opt/ros/humble/opt/rviz_ogre_vendor/lib:/opt/ros/humble/lib/x86_64-linux-gnu:/opt/ros/humble/lib', 'HOME': '/home/pes2ug23cs517', 'CYCLONEDDS_URI': 'file:///home/pes2ug23cs517/cyclone_config/cyclone.xml', 'OLDPWD': '/home/pes2ug23cs517/drone_ws/src', 'DESKTOP_SESSION': 'ubuntu', 'ROS_PYTHON_VERSION': '3', 'GNOME_SHELL_SESSION_MODE': 'ubuntu', 'GTK_MODULES': 'gail:atk-bridge', 'SYSTEMD_EXEC_PID': '5908', 'DBUS_SESSION_BUS_ADDRESS': 'unix:path=/run/user/1000/bus', 'COLORTERM': 'truecolor', 'IM_CONFIG_PHASE': '1', 'WAYLAND_DISPLAY': 'wayland-0', 'COLCON_PREFIX_PATH': '/home/pes2ug23cs517/drone_ws/install', 'ROS_DISTRO': 'humble', 'LOGNAME': 'pes2ug23cs517', '_': '/usr/bin/colcon', 'ROS_VERSION': '2', 'XDG_SESSION_CLASS': 'user', 'USERNAME': 'pes2ug23cs517', 'TERM': 'xterm-256color', 'GAZEBO_MODEL_PATH': '/home/pes2ug23cs517/drone_ws/src/drone_landing/models:/home/pes2ug23cs517/drone_ws/src/drone_landing/models:', 'GNOME_DESKTOP_SESSION_ID': 'this-is-deprecated', 'ROS_LOCALHOST_ONLY': '1', 'PATH': '/home/pes2ug23cs517/.local/bin:/home/pes2ug23cs517/.local/bin:/opt/ros/humble/bin:/usr/local/sbin:/usr/local/bin:/usr/sbin:/usr/bin:/sbin:/bin:/usr/games:/usr/local/games:/snap/bin:/snap/bin', 'SESSION_MANAGER': 'local/PES2UG23CS517:@/tmp/.ICE-unix/5405,unix/PES2UG23CS517:/tmp/.ICE-unix/5405', 'XDG_MENU_PREFIX': 'gnome-', 'GNOME_TERMINAL_SCREEN': '/org/gnome/Terminal/screen/396308f5_f146_46bb_9449_7655ec4caace', 'GNOME_SETUP_DISPLAY': ':1', 'XDG_RUNTIME_DIR': '/run/user/1000', 'DISPLAY': ':0', 'LANG': 'en_US.UTF-8', 'XDG_CURRENT_DESKTOP': 'ubuntu:GNOME', 'XMODIFIERS': '@im=ibus', 'XDG_SESSION_DESKTOP': 'ubuntu', 'XAUTHORITY': '/run/user/1000/.mutter-Xwaylandauth.P3E8N3', 'GNOME_TERMINAL_SERVICE': ':1.104', 'SSH_AGENT_LAUNCHER': 'gnome-keyring', 'SSH_AUTH_SOCK': '/run/user/1000/keyring/ssh', 'ROS_DOMAIN_ID': '42', 'AMENT_PREFIX_PATH': '/home/pes2ug23cs517/drone_ws/install/drone_landing:/opt/ros/humble', 'SHELL': '/bin/bash', 'QT_ACCESSIBILITY': '1', 'GDMSESSION': 'ubuntu', 'QT_IM_MODULE': 'ibus', 'PWD': '/home/pes2ug23cs517/drone_ws/build/drone_landing', 'LC_ALL': 'en_US.UTF-8', 'XDG_CONFIG_DIRS': '/etc/xdg/xdg-ubuntu:/etc/xdg', 'XDG_DATA_DIRS': '/usr/share/ubuntu:/usr/local/share/:/usr/share/:/var/lib/snapd/desktop', 'PYTHONPATH': '/home/pes2ug23cs517/drone_ws/build/drone_landing/prefix_override:/usr/lib/python3/dist-packages/colcon_core/task/python/colcon_distutils_commands:/home/pes2ug23cs517/drone_ws/install/drone_landing/lib/python3.10/site-packages:/home/pes2ug23cs517/drone_ws/build/drone_landing:/home/pes2ug23cs517/drone_ws/install/drone_landing/lib/python3.10/site-packages:/opt/ros/humble/lib/python3.10/site-packages:/opt/ros/humble/local/lib/python3.10/dist-packages', 'COLCON': '1', 'VTE_VERSION': '6800'}, 'shell': False}
[1.504469] (-) TimerEvent: {}
[1.604926] (-) TimerEvent: {}
[1.661704] (drone_landing) StdoutLine: {'line': b'running egg_info\n'}
[1.662395] (drone_landing) StdoutLine: {'line': b'writing ../../build/drone_landing/drone_landing.egg-info/PKG-INFO\n'}
[1.662976] (drone_landing) StdoutLine: {'line': b'writing dependency_links to ../../build/drone_landing/drone_landing.egg-info/dependency_links.txt\n'}
[1.663514] (drone_landing) StdoutLine: {'line': b'writing entry points to ../../build/drone_landing/drone_landing.egg-info/entry_points.txt\n'}
[1.663862] (drone_landing) StdoutLine: {'line': b'writing requirements to ../../build/drone_landing/drone_landing.egg-info/requires.txt\n'}
[1.664007] (drone_landing) StdoutLine: {'line': b'writing top-level names to ../../build/drone_landing/drone_landing.egg-info/top_level.txt\n'}
[1.668424] (drone_landing) StdoutLine: {'line': b"reading manifest file '../../build/drone_landing/drone_landing.egg-info/SOURCES.txt'\n"}
[1.670760] (drone_landing) StdoutLine: {'line': b"writing manifest file '../../build/drone_landing/drone_landing.egg-info/SOURCES.txt'\n"}
[1.670890] (drone_landing) StdoutLine: {'line': b'running build\n'}
[1.670942] (drone_landing) StdoutLine: {'line': b'running build_py\n'}
[1.671185] (drone_landing) StdoutLine: {'line': b'creating /home/pes2ug23cs517/drone_ws/build/drone_landing/build\n'}
[1.671532] (drone_landing) StdoutLine: {'line': b'creating /home/pes2ug23cs517/drone_ws/build/drone_landing/build/lib\n'}
[1.671668] (drone_landing) StdoutLine: {'line': b'creating /home/pes2ug23cs517/drone_ws/build/drone_landing/build/lib/drone_landing\n'}
[1.671830] (drone_landing) StdoutLine: {'line': b'copying drone_landing/state_machine.py -> /home/pes2ug23cs517/drone_ws/build/drone_landing/build/lib/drone_landing\n'}
[1.671913] (drone_landing) StdoutLine: {'line': b'copying drone_landing/__init__.py -> /home/pes2ug23cs517/drone_ws/build/drone_landing/build/lib/drone_landing\n'}
[1.672340] (drone_landing) StdoutLine: {'line': b'copying drone_landing/landing_controller.py -> /home/pes2ug23cs517/drone_ws/build/drone_landing/build/lib/drone_landing\n'}
[1.672488] (drone_landing) StdoutLine: {'line': b'copying drone_landing/platform_controller.py -> /home/pes2ug23cs517/drone_ws/build/drone_landing/build/lib/drone_landing\n'}
[1.672563] (drone_landing) StdoutLine: {'line': b'copying drone_landing/aruco_detector.py -> /home/pes2ug23cs517/drone_ws/build/drone_landing/build/lib/drone_landing\n'}
[1.672629] (drone_landing) StdoutLine: {'line': b'running install\n'}
[1.672883] (drone_landing) StdoutLine: {'line': b'running install_lib\n'}
[1.673944] (drone_landing) StdoutLine: {'line': b'creating /home/pes2ug23cs517/drone_ws/install/drone_landing/lib/python3.10/site-packages/drone_landing\n'}
[1.674187] (drone_landing) StdoutLine: {'line': b'copying /home/pes2ug23cs517/drone_ws/build/drone_landing/build/lib/drone_landing/state_machine.py -> /home/pes2ug23cs517/drone_ws/install/drone_landing/lib/python3.10/site-packages/drone_landing\n'}
[1.674261] (drone_landing) StdoutLine: {'line': b'copying /home/pes2ug23cs517/drone_ws/build/drone_landing/build/lib/drone_landing/__init__.py -> /home/pes2ug23cs517/drone_ws/install/drone_landing/lib/python3.10/site-packages/drone_landing\n'}
[1.674335] (drone_landing) StdoutLine: {'line': b'copying /home/pes2ug23cs517/drone_ws/build/drone_landing/build/lib/drone_landing/landing_controller.py -> /home/pes2ug23cs517/drone_ws/install/drone_landing/lib/python3.10/site-packages/drone_landing\n'}
[1.674404] (drone_landing) StdoutLine: {'line': b'copying /home/pes2ug23cs517/drone_ws/build/drone_landing/build/lib/drone_landing/platform_controller.py -> /home/pes2ug23cs517/drone_ws/install/drone_landing/lib/python3.10/site-packages/drone_landing\n'}
[1.674470] (drone_landing) StdoutLine: {'line': b'copying /home/pes2ug23cs517/drone_ws/build/drone_landing/build/lib/drone_landing/aruco_detector.py -> /home/pes2ug23cs517/drone_ws/install/drone_landing/lib/python3.10/site-packages/drone_landing\n'}
[1.675125] (drone_landing) StdoutLine: {'line': b'byte-compiling /home/pes2ug23cs517/drone_ws/install/drone_landing/lib/python3.10/site-packages/drone_landing/state_machine.py to state_machine.cpython-310.pyc\n'}
[1.676811] (drone_landing) StdoutLine: {'line': b'byte-compiling /home/pes2ug23cs517/drone_ws/install/drone_landing/lib/python3.10/site-packages/drone_landing/__init__.py to __init__.cpython-310.pyc\n'}
[1.676995] (drone_landing) StdoutLine: {'line': b'byte-compiling /home/pes2ug23cs517/drone_ws/install/drone_landing/lib/python3.10/site-packages/drone_landing/landing_controller.py to landing_controller.cpython-310.pyc\n'}
[1.678627] (drone_landing) StdoutLine: {'line': b'byte-compiling /home/pes2ug23cs517/drone_ws/install/drone_landing/lib/python3.10/site-packages/drone_landing/platform_controller.py to platform_controller.cpython-310.pyc\n'}
[1.679074] (drone_landing) StdoutLine: {'line': b'byte-compiling /home/pes2ug23cs517/drone_ws/install/drone_landing/lib/python3.10/site-packages/drone_landing/aruco_detector.py to aruco_detector.cpython-310.pyc\n'}
[1.680000] (drone_landing) StdoutLine: {'line': b'running install_data\n'}
[1.680359] (drone_landing) StdoutLine: {'line': b'copying resource/drone_landing -> /home/pes2ug23cs517/drone_ws/install/drone_landing/share/ament_index/resource_index/packages\n'}
[1.680461] (drone_landing) StdoutLine: {'line': b'copying package.xml -> /home/pes2ug23cs517/drone_ws/install/drone_landing/share/drone_landing\n'}
[1.680533] (drone_landing) StdoutLine: {'line': b'copying launch/simulation.launch.py -> /home/pes2ug23cs517/drone_ws/install/drone_landing/share/drone_landing/launch\n'}
[1.681778] (drone_landing) StdoutLine: {'line': b'copying urdf/drone.urdf.xacro -> /home/pes2ug23cs517/drone_ws/install/drone_landing/share/drone_landing/urdf\n'}
[1.681975] (drone_landing) StdoutLine: {'line': b'copying urdf/platform.urdf.xacro -> /home/pes2ug23cs517/drone_ws/install/drone_landing/share/drone_landing/urdf\n'}
[1.682299] (drone_landing) StdoutLine: {'line': b'copying worlds/landing_world.world -> /home/pes2ug23cs517/drone_ws/install/drone_landing/share/drone_landing/worlds\n'}
[1.682461] (drone_landing) StdoutLine: {'line': b'copying rviz/drone_landing.rviz -> /home/pes2ug23cs517/drone_ws/install/drone_landing/share/drone_landing/rviz\n'}
[1.682537] (drone_landing) StdoutLine: {'line': b'running install_egg_info\n'}
[1.684725] (drone_landing) StdoutLine: {'line': b'Copying ../../build/drone_landing/drone_landing.egg-info to /home/pes2ug23cs517/drone_ws/install/drone_landing/lib/python3.10/site-packages/drone_landing-0.1.0-py3.10.egg-info\n'}
[1.687229] (drone_landing) StdoutLine: {'line': b'running install_scripts\n'}
[1.705166] (-) TimerEvent: {}
[1.709989] (drone_landing) StdoutLine: {'line': b'Installing aruco_detector script to /home/pes2ug23cs517/drone_ws/install/drone_landing/lib/drone_landing\n'}
[1.710439] (drone_landing) StdoutLine: {'line': b'Installing landing_controller script to /home/pes2ug23cs517/drone_ws/install/drone_landing/lib/drone_landing\n'}
[1.710560] (drone_landing) StdoutLine: {'line': b'Installing platform_controller script to /home/pes2ug23cs517/drone_ws/install/drone_landing/lib/drone_landing\n'}
[1.711081] (drone_landing) StdoutLine: {'line': b'Installing state_machine script to /home/pes2ug23cs517/drone_ws/install/drone_landing/lib/drone_landing\n'}
[1.711647] (drone_landing) StdoutLine: {'line': b"writing list of installed files to '/home/pes2ug23cs517/drone_ws/build/drone_landing/install.log'\n"}
[1.733736] (drone_landing) CommandEnded: {'returncode': 0}
[1.770327] (drone_landing) JobEnded: {'identifier': 'drone_landing', 'rc': 0}
[1.771847] (-) EventReactorShutdown: {}
