[0.939s] Invoking command in '/home/pes2ug23cs517/drone_ws/build/drone_landing': PYTHONPATH=/home/pes2ug23cs517/drone_ws/build/drone_landing/prefix_override:/usr/lib/python3/dist-packages/colcon_core/task/python/colcon_distutils_commands:/home/pes2ug23cs517/drone_ws/install/drone_landing/lib/python3.10/site-packages:${PYTHONPATH} /usr/bin/python3 -W ignore:setup.py install is deprecated -W ignore:easy_install command is deprecated setup.py develop --editable --build-directory /home/pes2ug23cs517/drone_ws/build/drone_landing/build --no-deps symlink_data
[1.318s] running develop
[1.544s] running egg_info
[1.545s] writing drone_landing.egg-info/PKG-INFO
[1.545s] writing dependency_links to drone_landing.egg-info/dependency_links.txt
[1.546s] writing entry points to drone_landing.egg-info/entry_points.txt
[1.546s] writing requirements to drone_landing.egg-info/requires.txt
[1.546s] writing top-level names to drone_landing.egg-info/top_level.txt
[1.550s] reading manifest file 'drone_landing.egg-info/SOURCES.txt'
[1.552s] writing manifest file 'drone_landing.egg-info/SOURCES.txt'
[1.554s] running build_ext
[1.554s] Creating /home/pes2ug23cs517/drone_ws/install/drone_landing/lib/python3.10/site-packages/drone-landing.egg-link (link to .)
[1.556s] Installing aruco_detector script to /home/pes2ug23cs517/drone_ws/install/drone_landing/lib/drone_landing
[1.556s] Installing landing_controller script to /home/pes2ug23cs517/drone_ws/install/drone_landing/lib/drone_landing
[1.556s] Installing platform_controller script to /home/pes2ug23cs517/drone_ws/install/drone_landing/lib/drone_landing
[1.556s] Installing state_machine script to /home/pes2ug23cs517/drone_ws/install/drone_landing/lib/drone_landing
[1.557s] 
[1.557s] Installed /home/pes2ug23cs517/drone_ws/build/drone_landing
[1.557s] running symlink_data
[1.597s] Invoked command in '/home/pes2ug23cs517/drone_ws/build/drone_landing' returned '0': PYTHONPATH=/home/pes2ug23cs517/drone_ws/build/drone_landing/prefix_override:/usr/lib/python3/dist-packages/colcon_core/task/python/colcon_distutils_commands:/home/pes2ug23cs517/drone_ws/install/drone_landing/lib/python3.10/site-packages:${PYTHONPATH} /usr/bin/python3 -W ignore:setup.py install is deprecated -W ignore:easy_install command is deprecated setup.py develop --editable --build-directory /home/pes2ug23cs517/drone_ws/build/drone_landing/build --no-deps symlink_data
