running develop
running egg_info
writing drone_landing.egg-info/PKG-INFO
writing dependency_links to drone_landing.egg-info/dependency_links.txt
writing entry points to drone_landing.egg-info/entry_points.txt
writing requirements to drone_landing.egg-info/requires.txt
writing top-level names to drone_landing.egg-info/top_level.txt
reading manifest file 'drone_landing.egg-info/SOURCES.txt'
writing manifest file 'drone_landing.egg-info/SOURCES.txt'
running build_ext
Creating /home/pes2ug23cs517/drone_ws/install/drone_landing/lib/python3.10/site-packages/drone-landing.egg-link (link to .)
Installing aruco_detector script to /home/pes2ug23cs517/drone_ws/install/drone_landing/lib/drone_landing
Installing landing_controller script to /home/pes2ug23cs517/drone_ws/install/drone_landing/lib/drone_landing
Installing platform_controller script to /home/pes2ug23cs517/drone_ws/install/drone_landing/lib/drone_landing
Installing state_machine script to /home/pes2ug23cs517/drone_ws/install/drone_landing/lib/drone_landing

Installed /home/pes2ug23cs517/drone_ws/build/drone_landing
running symlink_data
symbolically linking /home/pes2ug23cs517/drone_ws/build/drone_landing/resource/drone_landing -> /home/pes2ug23cs517/drone_ws/install/drone_landing/share/ament_index/resource_index/packages
symbolically linking /home/pes2ug23cs517/drone_ws/build/drone_landing/package.xml -> /home/pes2ug23cs517/drone_ws/install/drone_landing/share/drone_landing
symbolically linking /home/pes2ug23cs517/drone_ws/build/drone_landing/launch/simulation.launch.py -> /home/pes2ug23cs517/drone_ws/install/drone_landing/share/drone_landing/launch
symbolically linking /home/pes2ug23cs517/drone_ws/build/drone_landing/urdf/drone.urdf.xacro -> /home/pes2ug23cs517/drone_ws/install/drone_landing/share/drone_landing/urdf
symbolically linking /home/pes2ug23cs517/drone_ws/build/drone_landing/urdf/platform.urdf.xacro -> /home/pes2ug23cs517/drone_ws/install/drone_landing/share/drone_landing/urdf
symbolically linking /home/pes2ug23cs517/drone_ws/build/drone_landing/worlds/landing_world.world -> /home/pes2ug23cs517/drone_ws/install/drone_landing/share/drone_landing/worlds
symbolically linking /home/pes2ug23cs517/drone_ws/build/drone_landing/rviz/drone_landing.rviz -> /home/pes2ug23cs517/drone_ws/install/drone_landing/share/drone_landing/rviz
