[1.023s] Invoking command in '/home/pes2ug23cs517/drone_ws/build/drone_landing': PYTHONPATH=/home/pes2ug23cs517/drone_ws/build/drone_landing/prefix_override:/usr/lib/python3/dist-packages/colcon_core/task/python/colcon_distutils_commands:/home/pes2ug23cs517/drone_ws/install/drone_landing/lib/python3.10/site-packages:${PYTHONPATH} /usr/bin/python3 -W ignore:setup.py install is deprecated -W ignore:easy_install command is deprecated setup.py develop --editable --build-directory /home/pes2ug23cs517/drone_ws/build/drone_landing/build --no-deps symlink_data --force
[1.338s] running develop
[1.514s] running egg_info
[1.514s] writing drone_landing.egg-info/PKG-INFO
[1.516s] writing dependency_links to drone_landing.egg-info/dependency_links.txt
[1.516s] writing entry points to drone_landing.egg-info/entry_points.txt
[1.516s] writing requirements to drone_landing.egg-info/requires.txt
[1.516s] writing top-level names to drone_landing.egg-info/top_level.txt
[1.518s] reading manifest file 'drone_landing.egg-info/SOURCES.txt'
[1.520s] writing manifest file 'drone_landing.egg-info/SOURCES.txt'
[1.522s] running build_ext
[1.522s] Creating /home/pes2ug23cs517/drone_ws/install/drone_landing/lib/python3.10/site-packages/drone-landing.egg-link (link to .)
[1.523s] Installing aruco_detector script to /home/pes2ug23cs517/drone_ws/install/drone_landing/lib/drone_landing
[1.523s] Installing landing_controller script to /home/pes2ug23cs517/drone_ws/install/drone_landing/lib/drone_landing
[1.523s] Installing platform_controller script to /home/pes2ug23cs517/drone_ws/install/drone_landing/lib/drone_landing
[1.523s] Installing state_machine script to /home/pes2ug23cs517/drone_ws/install/drone_landing/lib/drone_landing
[1.523s] 
[1.524s] Installed /home/pes2ug23cs517/drone_ws/build/drone_landing
[1.524s] running symlink_data
[1.524s] symbolically linking /home/pes2ug23cs517/drone_ws/build/drone_landing/resource/drone_landing -> /home/pes2ug23cs517/drone_ws/install/drone_landing/share/ament_index/resource_index/packages
[1.524s] symbolically linking /home/pes2ug23cs517/drone_ws/build/drone_landing/package.xml -> /home/pes2ug23cs517/drone_ws/install/drone_landing/share/drone_landing
[1.524s] symbolically linking /home/pes2ug23cs517/drone_ws/build/drone_landing/launch/simulation.launch.py -> /home/pes2ug23cs517/drone_ws/install/drone_landing/share/drone_landing/launch
[1.524s] symbolically linking /home/pes2ug23cs517/drone_ws/build/drone_landing/urdf/drone.urdf.xacro -> /home/pes2ug23cs517/drone_ws/install/drone_landing/share/drone_landing/urdf
[1.525s] symbolically linking /home/pes2ug23cs517/drone_ws/build/drone_landing/urdf/platform.urdf.xacro -> /home/pes2ug23cs517/drone_ws/install/drone_landing/share/drone_landing/urdf
[1.525s] symbolically linking /home/pes2ug23cs517/drone_ws/build/drone_landing/worlds/landing_world.world -> /home/pes2ug23cs517/drone_ws/install/drone_landing/share/drone_landing/worlds
[1.525s] symbolically linking /home/pes2ug23cs517/drone_ws/build/drone_landing/rviz/drone_landing.rviz -> /home/pes2ug23cs517/drone_ws/install/drone_landing/share/drone_landing/rviz
[1.561s] Invoked command in '/home/pes2ug23cs517/drone_ws/build/drone_landing' returned '0': PYTHONPATH=/home/pes2ug23cs517/drone_ws/build/drone_landing/prefix_override:/usr/lib/python3/dist-packages/colcon_core/task/python/colcon_distutils_commands:/home/pes2ug23cs517/drone_ws/install/drone_landing/lib/python3.10/site-packages:${PYTHONPATH} /usr/bin/python3 -W ignore:setup.py install is deprecated -W ignore:easy_install command is deprecated setup.py develop --editable --build-directory /home/pes2ug23cs517/drone_ws/build/drone_landing/build --no-deps symlink_data --force
