[0.676s] Invoking command in '/home/pes2ug23cs517/drone_ws/src/drone_landing': PYTHONPATH=/home/pes2ug23cs517/drone_ws/build/drone_landing/prefix_override:/usr/lib/python3/dist-packages/colcon_core/task/python/colcon_distutils_commands:/home/pes2ug23cs517/drone_ws/install/drone_landing/lib/python3.10/site-packages:${PYTHONPATH} /usr/bin/python3 -W ignore:setup.py install is deprecated -W ignore:easy_install command is deprecated setup.py egg_info --egg-base ../../build/drone_landing build --build-base /home/pes2ug23cs517/drone_ws/build/drone_landing/build install --record /home/pes2ug23cs517/drone_ws/build/drone_landing/install.log --single-version-externally-managed install_data
[0.953s] running egg_info
[0.953s] writing ../../build/drone_landing/drone_landing.egg-info/PKG-INFO
[0.954s] writing dependency_links to ../../build/drone_landing/drone_landing.egg-info/dependency_links.txt
[0.954s] writing entry points to ../../build/drone_landing/drone_landing.egg-info/entry_points.txt
[0.954s] writing requirements to ../../build/drone_landing/drone_landing.egg-info/requires.txt
[0.954s] writing top-level names to ../../build/drone_landing/drone_landing.egg-info/top_level.txt
[0.956s] reading manifest file '../../build/drone_landing/drone_landing.egg-info/SOURCES.txt'
[0.957s] writing manifest file '../../build/drone_landing/drone_landing.egg-info/SOURCES.txt'
[0.957s] running build
[0.957s] running build_py
[0.957s] copying drone_landing/state_machine.py -> /home/pes2ug23cs517/drone_ws/build/drone_landing/build/lib/drone_landing
[0.958s] running install
[0.958s] running install_lib
[0.959s] copying /home/pes2ug23cs517/drone_ws/build/drone_landing/build/lib/drone_landing/state_machine.py -> /home/pes2ug23cs517/drone_ws/install/drone_landing/lib/python3.10/site-packages/drone_landing
[0.960s] byte-compiling /home/pes2ug23cs517/drone_ws/install/drone_landing/lib/python3.10/site-packages/drone_landing/state_machine.py to state_machine.cpython-310.pyc
[0.962s] running install_data
[0.962s] running install_egg_info
[0.964s] removing '/home/pes2ug23cs517/drone_ws/install/drone_landing/lib/python3.10/site-packages/drone_landing-0.1.0-py3.10.egg-info' (and everything under it)
[0.965s] Copying ../../build/drone_landing/drone_landing.egg-info to /home/pes2ug23cs517/drone_ws/install/drone_landing/lib/python3.10/site-packages/drone_landing-0.1.0-py3.10.egg-info
[0.966s] running install_scripts
[0.987s] Installing aruco_detector script to /home/pes2ug23cs517/drone_ws/install/drone_landing/lib/drone_landing
[0.988s] Installing landing_controller script to /home/pes2ug23cs517/drone_ws/install/drone_landing/lib/drone_landing
[0.988s] Installing platform_controller script to /home/pes2ug23cs517/drone_ws/install/drone_landing/lib/drone_landing
[0.988s] Installing state_machine script to /home/pes2ug23cs517/drone_ws/install/drone_landing/lib/drone_landing
[0.989s] writing list of installed files to '/home/pes2ug23cs517/drone_ws/build/drone_landing/install.log'
[1.018s] Invoked command in '/home/pes2ug23cs517/drone_ws/src/drone_landing' returned '0': PYTHONPATH=/home/pes2ug23cs517/drone_ws/build/drone_landing/prefix_override:/usr/lib/python3/dist-packages/colcon_core/task/python/colcon_distutils_commands:/home/pes2ug23cs517/drone_ws/install/drone_landing/lib/python3.10/site-packages:${PYTHONPATH} /usr/bin/python3 -W ignore:setup.py install is deprecated -W ignore:easy_install command is deprecated setup.py egg_info --egg-base ../../build/drone_landing build --build-base /home/pes2ug23cs517/drone_ws/build/drone_landing/build install --record /home/pes2ug23cs517/drone_ws/build/drone_landing/install.log --single-version-externally-managed install_data
