[0.000000] (-) TimerEvent: {}
[0.000321] (drone_landing) JobQueued: {'identifier': 'drone_landing', 'dependencies': OrderedDict()}
[0.001642] (drone_landing) JobStarted: {'identifier': 'drone_landing'}
[0.099397] (-) TimerEvent: {}
[0.199709] (-) TimerEvent: {}
[0.300115] (-) TimerEvent: {}
[0.400535] (-) TimerEvent: {}
[0.501008] (-) TimerEvent: {}
[0.601365] (-) TimerEvent: {}
[0.701692] (-) TimerEvent: {}
[0.802124] (-) TimerEvent: {}
[0.902587] (-) TimerEvent: {}
[0.964643] (drone_landing) Command: {'cmd': ['/usr/bin/python3', '-W', 'ignore:setup.py install is deprecated', '-W', 'ignore:easy_install command is deprecated', 'setup.py', 'egg_info', '--egg-base', '../../build/drone_landing', 'build', '--build-base', '/home/pes2ug23cs517/drone_ws/build/drone_landing/build', 'install', '--record', '/home/pes2ug23cs517/drone_ws/build/drone_landing/install.log', '--single-version-externally-managed', 'install_data'], 'cwd': '/home/pes2ug23cs517/drone_ws/src/drone_landing', 'env': {'LANGUAGE': 'en_IN:en', 'USER': 'pes2ug23cs517', 'SLAM_PROJECT_DIR': '/home/pes2ug23cs517/slam_project', 'XDG_SESSION_TYPE': 'wayland', 'SHLVL': '1', 'LD_LIBRARY_PATH': '/usr/lib/x86_64-linux-gnu/gazebo-11/plugins:/opt/ros/humble/opt/rviz_ogre_vendor/lib:/opt/ros/humble/lib/x86_64-linux-gnu:/opt/ros/humble/lib', 'HOME': '/home/pes2ug23cs517', 'CYCLONEDDS_URI': 'file:///home/pes2ug23cs517/cyclone_config/cyclone.xml', 'OLDPWD': '/home/pes2ug23cs517/drone_ws/src', 'DESKTOP_SESSION': 'ubuntu', 'ROS_PYTHON_VERSION': '3', 'GNOME_SHELL_SESSION_MODE': 'ubuntu', 'GTK_MODULES': 'gail:atk-bridge', 'SYSTEMD_EXEC_PID': '5908', 'DBUS_SESSION_BUS_ADDRESS': 'unix:path=/run/user/1000/bus', 'COLORTERM': 'truecolor', 'IM_CONFIG_PHASE': '1', 'WAYLAND_DISPLAY': 'wayland-0', 'COLCON_PREFIX_PATH': '/home/pes2ug23cs517/drone_ws/install', 'ROS_DISTRO': 'humble', 'LOGNAME': 'pes2ug23cs517', '_': '/usr/bin/colcon', 'ROS_VERSION': '2', 'XDG_SESSION_CLASS': 'user', 'USERNAME': 'pes2ug23cs517', 'TERM': 'xterm-256color', 'GAZEBO_MODEL_PATH': '/home/pes2ug23cs517/drone_ws/src/drone_landing/models:/home/pes2ug23cs517/drone_ws/src/drone_landing/models:', 'GNOME_DESKTOP_SESSION_ID': 'this-is-deprecated', 'ROS_LOCALHOST_ONLY': '1', 'PATH': '/home/pes2ug23cs517/.local/bin:/home/pes2ug23cs517/.local/bin:/opt/ros/humble/bin:/usr/local/sbin:/usr/local/bin:/usr/sbin:/usr/bin:/sbin:/bin:/usr/games:/usr/local/games:/snap/bin:/snap/bin', 'SESSION_MANAGER': 'local/PES2UG23CS517:@/tmp/.ICE-unix/5405,unix/PES2UG23CS517:/tmp/.ICE-unix/5405', 'XDG_MENU_PREFIX': 'gnome-', 'GNOME_TERMINAL_SCREEN': '/org/gnome/Terminal/screen/396308f5_f146_46bb_9449_7655ec4caace', 'GNOME_SETUP_DISPLAY': ':1', 'XDG_RUNTIME_DIR': '/run/user/1000', 'DISPLAY': ':0', 'LANG': 'en_US.UTF-8', 'XDG_CURRENT_DESKTOP': 'ubuntu:GNOME', 'XMODIFIERS': '@im=ibus', 'XDG_SESSION_DESKTOP': 'ubuntu', 'XAUTHORITY': '/run/user/1000/.mutter-Xwaylandauth.P3E8N3', 'GNOME_TERMINAL_SERVICE': ':1.104', 'SSH_AGENT_LAUNCHER': 'gnome-keyring', 'SSH_AUTH_SOCK': '/run/user/1000/keyring/ssh', 'ROS_DOMAIN_ID': '42', 'AMENT_PREFIX_PATH': '/home/pes2ug23cs517/drone_ws/install/drone_landing:/opt/ros/humble', 'SHELL': '/bin/bash', 'QT_ACCESSIBILITY': '1', 'GDMSESSION': 'ubuntu', 'QT_IM_MODULE': 'ibus', 'PWD': '/home/pes2ug23cs517/drone_ws/build/drone_landing', 'LC_ALL': 'en_US.UTF-8', 'XDG_CONFIG_DIRS': '/etc/xdg/xdg-ubuntu:/etc/xdg', 'XDG_DATA_DIRS': '/usr/share/ubuntu:/usr/local/share/:/usr/share/:/var/lib/snapd/desktop', 'PYTHONPATH': '/home/pes2ug23cs517/drone_ws/build/drone_landing/prefix_override:/usr/lib/python3/dist-packages/colcon_core/task/python/colcon_distutils_commands:/home/pes2ug23cs517/drone_ws/install/drone_landing/lib/python3.10/site-packages:/home/pes2ug23cs517/drone_ws/build/drone_landing:/home/pes2ug23cs517/drone_ws/install/drone_landing/lib/python3.10/site-packages:/opt/ros/humble/lib/python3.10/site-packages:/opt/ros/humble/local/lib/python3.10/dist-packages', 'COLCON': '1', 'VTE_VERSION': '6800'}, 'shell': False}
[1.002748] (-) TimerEvent: {}
[1.103309] (-) TimerEvent: {}
[1.203743] (-) TimerEvent: {}
[1.204115] (drone_landing) StdoutLine: {'line': b'running egg_info\n'}
[1.216521] (drone_landing) StdoutLine: {'line': b'writing ../../build/drone_landing/drone_landing.egg-info/PKG-INFO\n'}
[1.217474] (drone_landing) StdoutLine: {'line': b'writing dependency_links to ../../build/drone_landing/drone_landing.egg-info/dependency_links.txt\n'}
[1.217849] (drone_landing) StdoutLine: {'line': b'writing entry points to ../../build/drone_landing/drone_landing.egg-info/entry_points.txt\n'}
[1.218307] (drone_landing) StdoutLine: {'line': b'writing requirements to ../../build/drone_landing/drone_landing.egg-info/requires.txt\n'}
[1.218432] (drone_landing) StdoutLine: {'line': b'writing top-level names to ../../build/drone_landing/drone_landing.egg-info/top_level.txt\n'}
[1.220977] (drone_landing) StdoutLine: {'line': b"reading manifest file '../../build/drone_landing/drone_landing.egg-info/SOURCES.txt'\n"}
[1.222777] (drone_landing) StdoutLine: {'line': b"writing manifest file '../../build/drone_landing/drone_landing.egg-info/SOURCES.txt'\n"}
[1.223152] (drone_landing) StdoutLine: {'line': b'running build\n'}
[1.223301] (drone_landing) StdoutLine: {'line': b'running build_py\n'}
[1.223768] (drone_landing) StdoutLine: {'line': b'running install\n'}
[1.224340] (drone_landing) StdoutLine: {'line': b'running install_lib\n'}
[1.226650] (drone_landing) StdoutLine: {'line': b'running install_data\n'}
[1.226794] (drone_landing) StdoutLine: {'line': b'running install_egg_info\n'}
[1.228676] (drone_landing) StdoutLine: {'line': b"removing '/home/pes2ug23cs517/drone_ws/install/drone_landing/lib/python3.10/site-packages/drone_landing-0.1.0-py3.10.egg-info' (and everything under it)\n"}
[1.228908] (drone_landing) StdoutLine: {'line': b'Copying ../../build/drone_landing/drone_landing.egg-info to /home/pes2ug23cs517/drone_ws/install/drone_landing/lib/python3.10/site-packages/drone_landing-0.1.0-py3.10.egg-info\n'}
[1.230324] (drone_landing) StdoutLine: {'line': b'running install_scripts\n'}
[1.255827] (drone_landing) StdoutLine: {'line': b'Installing aruco_detector script to /home/pes2ug23cs517/drone_ws/install/drone_landing/lib/drone_landing\n'}
[1.256359] (drone_landing) StdoutLine: {'line': b'Installing landing_controller script to /home/pes2ug23cs517/drone_ws/install/drone_landing/lib/drone_landing\n'}
[1.256544] (drone_landing) StdoutLine: {'line': b'Installing platform_controller script to /home/pes2ug23cs517/drone_ws/install/drone_landing/lib/drone_landing\n'}
[1.256620] (drone_landing) StdoutLine: {'line': b'Installing state_machine script to /home/pes2ug23cs517/drone_ws/install/drone_landing/lib/drone_landing\n'}
[1.257007] (drone_landing) StdoutLine: {'line': b"writing list of installed files to '/home/pes2ug23cs517/drone_ws/build/drone_landing/install.log'\n"}
[1.283609] (drone_landing) CommandEnded: {'returncode': 0}
[1.304407] (-) TimerEvent: {}
[1.305348] (drone_landing) JobEnded: {'identifier': 'drone_landing', 'rc': 0}
[1.306258] (-) EventReactorShutdown: {}
