[1.063s] Invoking command in '/home/pes2ug23cs517/drone_ws/build/drone_landing': PYTHONPATH=/home/pes2ug23cs517/drone_ws/build/drone_landing/prefix_override:/usr/lib/python3/dist-packages/colcon_core/task/python/colcon_distutils_commands:/home/pes2ug23cs517/drone_ws/install/drone_landing/lib/python3.10/site-packages:${PYTHONPATH} /usr/bin/python3 -W ignore:setup.py install is deprecated -W ignore:easy_install command is deprecated setup.py develop --editable --build-directory /home/pes2ug23cs517/drone_ws/build/drone_landing/build --no-deps symlink_data
[1.372s] running develop
[1.545s] running egg_info
[1.545s] creating drone_landing.egg-info
[1.545s] writing drone_landing.egg-info/PKG-INFO
[1.546s] writing dependency_links to drone_landing.egg-info/dependency_links.txt
[1.546s] writing entry points to drone_landing.egg-info/entry_points.txt
[1.546s] writing requirements to drone_landing.egg-info/requires.txt
[1.546s] writing top-level names to drone_landing.egg-info/top_level.txt
[1.546s] writing manifest file 'drone_landing.egg-info/SOURCES.txt'
[1.548s] reading manifest file 'drone_landing.egg-info/SOURCES.txt'
[1.549s] writing manifest file 'drone_landing.egg-info/SOURCES.txt'
[1.551s] running build_ext
[1.552s] Creating /home/pes2ug23cs517/drone_ws/install/drone_landing/lib/python3.10/site-packages/drone-landing.egg-link (link to .)
[1.552s] Installing aruco_detector script to /home/pes2ug23cs517/drone_ws/install/drone_landing/lib/drone_landing
[1.553s] Installing landing_controller script to /home/pes2ug23cs517/drone_ws/install/drone_landing/lib/drone_landing
[1.553s] Installing platform_controller script to /home/pes2ug23cs517/drone_ws/install/drone_landing/lib/drone_landing
[1.553s] Installing state_machine script to /home/pes2ug23cs517/drone_ws/install/drone_landing/lib/drone_landing
[1.553s] 
[1.554s] Installed /home/pes2ug23cs517/drone_ws/build/drone_landing
[1.554s] running symlink_data
[1.554s] creating /home/pes2ug23cs517/drone_ws/install/drone_landing/share/ament_index
[1.554s] creating /home/pes2ug23cs517/drone_ws/install/drone_landing/share/ament_index/resource_index
[1.554s] creating /home/pes2ug23cs517/drone_ws/install/drone_landing/share/ament_index/resource_index/packages
[1.554s] symbolically linking /home/pes2ug23cs517/drone_ws/build/drone_landing/resource/drone_landing -> /home/pes2ug23cs517/drone_ws/install/drone_landing/share/ament_index/resource_index/packages
[1.554s] symbolically linking /home/pes2ug23cs517/drone_ws/build/drone_landing/package.xml -> /home/pes2ug23cs517/drone_ws/install/drone_landing/share/drone_landing
[1.554s] creating /home/pes2ug23cs517/drone_ws/install/drone_landing/share/drone_landing/launch
[1.554s] symbolically linking /home/pes2ug23cs517/drone_ws/build/drone_landing/launch/simulation.launch.py -> /home/pes2ug23cs517/drone_ws/install/drone_landing/share/drone_landing/launch
[1.554s] creating /home/pes2ug23cs517/drone_ws/install/drone_landing/share/drone_landing/urdf
[1.555s] symbolically linking /home/pes2ug23cs517/drone_ws/build/drone_landing/urdf/drone.urdf.xacro -> /home/pes2ug23cs517/drone_ws/install/drone_landing/share/drone_landing/urdf
[1.555s] symbolically linking /home/pes2ug23cs517/drone_ws/build/drone_landing/urdf/platform.urdf.xacro -> /home/pes2ug23cs517/drone_ws/install/drone_landing/share/drone_landing/urdf
[1.555s] creating /home/pes2ug23cs517/drone_ws/install/drone_landing/share/drone_landing/worlds
[1.555s] symbolically linking /home/pes2ug23cs517/drone_ws/build/drone_landing/worlds/landing_world.world -> /home/pes2ug23cs517/drone_ws/install/drone_landing/share/drone_landing/worlds
[1.555s] creating /home/pes2ug23cs517/drone_ws/install/drone_landing/share/drone_landing/rviz
[1.555s] symbolically linking /home/pes2ug23cs517/drone_ws/build/drone_landing/rviz/drone_landing.rviz -> /home/pes2ug23cs517/drone_ws/install/drone_landing/share/drone_landing/rviz
[1.590s] Invoked command in '/home/pes2ug23cs517/drone_ws/build/drone_landing' returned '0': PYTHONPATH=/home/pes2ug23cs517/drone_ws/build/drone_landing/prefix_override:/usr/lib/python3/dist-packages/colcon_core/task/python/colcon_distutils_commands:/home/pes2ug23cs517/drone_ws/install/drone_landing/lib/python3.10/site-packages:${PYTHONPATH} /usr/bin/python3 -W ignore:setup.py install is deprecated -W ignore:easy_install command is deprecated setup.py develop --editable --build-directory /home/pes2ug23cs517/drone_ws/build/drone_landing/build --no-deps symlink_data
