[1.091s] Invoking command in '/home/pes2ug23cs517/drone_ws/build/drone_landing': PYTHONPATH=/home/pes2ug23cs517/drone_ws/build/drone_landing/prefix_override:/usr/lib/python3/dist-packages/colcon_core/task/python/colcon_distutils_commands:/home/pes2ug23cs517/drone_ws/install/drone_landing/lib/python3.10/site-packages:${PYTHONPATH} /usr/bin/python3 -W ignore:setup.py install is deprecated -W ignore:easy_install command is deprecated setup.py develop --editable --build-directory /home/pes2ug23cs517/drone_ws/build/drone_landing/build --no-deps symlink_data
[1.375s] running develop
[1.581s] running egg_info
[1.581s] writing drone_landing.egg-info/PKG-INFO
[1.582s] writing dependency_links to drone_landing.egg-info/dependency_links.txt
[1.583s] writing entry points to drone_landing.egg-info/entry_points.txt
[1.583s] writing requirements to drone_landing.egg-info/requires.txt
[1.584s] writing top-level names to drone_landing.egg-info/top_level.txt
[1.587s] reading manifest file 'drone_landing.egg-info/SOURCES.txt'
[1.588s] writing manifest file 'drone_landing.egg-info/SOURCES.txt'
[1.590s] running build_ext
[1.590s] Creating /home/pes2ug23cs517/drone_ws/install/drone_landing/lib/python3.10/site-packages/drone-landing.egg-link (link to .)
[1.591s] Installing aruco_detector script to /home/pes2ug23cs517/drone_ws/install/drone_landing/lib/drone_landing
[1.591s] Installing landing_controller script to /home/pes2ug23cs517/drone_ws/install/drone_landing/lib/drone_landing
[1.592s] Installing platform_controller script to /home/pes2ug23cs517/drone_ws/install/drone_landing/lib/drone_landing
[1.592s] Installing state_machine script to /home/pes2ug23cs517/drone_ws/install/drone_landing/lib/drone_landing
[1.592s] 
[1.592s] Installed /home/pes2ug23cs517/drone_ws/build/drone_landing
[1.592s] running symlink_data
[1.634s] Invoked command in '/home/pes2ug23cs517/drone_ws/build/drone_landing' returned '0': PYTHONPATH=/home/pes2ug23cs517/drone_ws/build/drone_landing/prefix_override:/usr/lib/python3/dist-packages/colcon_core/task/python/colcon_distutils_commands:/home/pes2ug23cs517/drone_ws/install/drone_landing/lib/python3.10/site-packages:${PYTHONPATH} /usr/bin/python3 -W ignore:setup.py install is deprecated -W ignore:easy_install command is deprecated setup.py develop --editable --build-directory /home/pes2ug23cs517/drone_ws/build/drone_landing/build --no-deps symlink_data
